          ============================================================
          |                                                          |
          |            Crystallography & NMR System (CNS)            |
          |                         CNSsolve                         |
          |                                                          |
          ============================================================
           Version: 1.3
           Status: General release
          ============================================================
           Written by: A.T.Brunger, P.D.Adams, G.M.Clore, W.L.DeLano,
                       P.Gros, R.W.Grosse-Kunstleve,J.-S.Jiang,J.M.Krahn,
                       J.Kuszewski, M.Nilges, N.S.Pannu, R.J.Read,
                       L.M.Rice, G.F.Schroeder, T.Simonson, G.L.Warren.
           Copyright (c) 1997-2010 Yale University
          ============================================================
           Running on machine: mwc-109150.dhcp.missouri.edu (Mac/Intel,64-bit)
                               with  4 threads
           Program started by: zhangyang
           Program started at: 19:45:06 on 01-Apr-2019
          ============================================================

 FFT3C: Using FFTPACK4.1

 CNSsolve> 
 CNSsolve>!====================================================================== 
 CNSsolve>! call module with symbol and use && inside module 
 CNSsolve> 
 CNSsolve>set display=moduletest.dat end 
 ASSFIL: file moduletest.dat opened.
 CNSsolve>literal module ( &p1 = (default) ) 
 CNSsolve>literal display p1: &&p1 
 CNSsolve>literal display p1: &p1 
 CNSsolve>set display=OUTPUT end 
 CNSsolve>close moduletest.dat end 
 CNSsolve> 
 CNSsolve> 
 CNSsolve>eval ($1="this should be lowercase") 
 EVALUATE: symbol $1 set to "this should be lowercase" (string)
 CNSsolve> 
 CNSsolve>display  $1 
 this should be lowercase
 CNSsolve>display  $$1 
 this should be lowercase
 CNSsolve> 
 CNSsolve>@moduletest.dat ( p1 = $1  ) 
 ASSFIL: file moduletest.dat opened.
 CNSsolve>module ( &p1 = (default) ) 
 &_2_P1 set to $_1_1 
 CNSsolve>display p1: &&p1 
p1: this should be lowercase
 CNSsolve>display p1: &p1 
p1: this should be lowercase
 CNSsolve>@moduletest.dat ( p1 = $$1 ) 
 ASSFIL: file moduletest.dat opened.
 CNSsolve>module ( &p1 = (default) ) 
 &_2_P1 set to $STRIP%_1_1 
 CNSsolve>display p1: &&p1 
p1: this should be lowercase
 CNSsolve>display p1: &p1 
p1: this should be lowercase
 CNSsolve> 
 CNSsolve> 
 CNSsolve> 
 CNSsolve> 
 CNSsolve> 
 CNSsolve>stop 
          ============================================================
           Maximum dynamic memory allocation:     8201488 bytes
           Maximum dynamic memory overhead:           208 bytes
           Program started at: 19:45:06 on 01-Apr-2019
           Program stopped at: 19:45:06 on 01-Apr-2019
           CPU time used:       0.0041 seconds
          ============================================================
